]0;/stor/home/ts34686/Website]0;ts34686@educcomp03: ~/Website[01;32mts34686@educcomp03[00m:[01;34m~/Website[00m$ [K]0;ts34686@educcomp03: ~/Website[01;32mts34686@educcomp03[00m:[01;34m~/Website[00m$ [K]0;ts34686@educcomp03: ~/Website[01;32mts34686@educcomp03[00m:[01;34m~/Website[00m$ git --version
git version 2.17.1
]0;/stor/home/ts34686/Website]0;ts34686@educcomp03: ~/Website[01;32mts34686@educcomp03[00m:[01;34m~/Website[00m$ cd ~/Desktop/Website
bash: cd: /stor/home/ts34686/Desktop/Website: No such file or directory
]0;/stor/home/ts34686/Website]0;ts34686@educcomp03: ~/Website[01;32mts34686@educcomp03[00m:[01;34m~/Website[00m$ 
]0;/stor/home/ts34686/Website]0;ts34686@educcomp03: ~/Website[01;32mts34686@educcomp03[00m:[01;34m~/Website[00m$ git init #initialize local git respository
Initialized empty Git repository in /stor/home/ts34686/Website/.git/
]0;/stor/home/ts34686/Website]0;ts34686@educcomp03: ~/Website[01;32mts34686@educcomp03[00m:[01;34m~/Website[00m$ git add . #add all files in repository to be uploaded
]0;/stor/home/ts34686/Website]0;ts34686@educcomp03: ~/Website[01;32mts34686@educcomp03[00m:[01;34m~/Website[00m$ git commit -m "first website commit"
[master (root-commit) ad750b3] first website commit
 Committer: Tanner Smith <ts34686@educcomp03.ccbb.utexas.edu>
Your name and email address were configured automatically based
on your username and hostname. Please check that they are accurate.
You can suppress this message by setting them explicitly. Run the
following command and follow the instructions in your editor to edit
your configuration file:

    git config --global --edit

After doing this, you may fix the identity used for this commit with:

    git commit --amend --reset-author

 216 files changed, 15253 insertions(+)
 create mode 100644 .Rproj.user/37A64927/console06/A3399CD
 create mode 100644 .Rproj.user/37A64927/console06/A3399CD.env
 create mode 100644 .Rproj.user/37A64927/console06/INDEX001
 create mode 100644 .Rproj.user/37A64927/sources/prop/135A12E9
 create mode 100644 .Rproj.user/37A64927/sources/prop/4A5D3DDE
 create mode 100644 .Rproj.user/37A64927/sources/prop/6442EFBB
 create mode 100644 .Rproj.user/37A64927/sources/prop/7F8C2DA
 create mode 100644 .Rproj.user/37A64927/sources/prop/DB60255C
 create mode 100644 .Rproj.user/37A64927/sources/prop/ED57BE69
 create mode 100644 .Rproj.user/37A64927/sources/prop/F4519158
 create mode 100644 .Rproj.user/37A64927/sources/prop/INDEX
 create mode 100644 .Rproj.user/37A64927/sources/s-a4c58e42/2A6E660D-contents
 create mode 100644 .Rproj.user/37A64927/sources/s-a4c58e42/2D73F1A9-contents
 create mode 100644 .Rproj.user/37A64927/sources/s-a4c58e42/6311E3BB
 create mode 100644 .Rproj.user/37A64927/sources/s-a4c58e42/6311E3BB-contents
 create mode 100644 .Rproj.user/37A64927/sources/s-a4c58e42/730FCC18
 create mode 100644 .Rproj.user/37A64927/sources/s-a4c58e42/730FCC18-contents
 create mode 100644 .Rproj.user/37A64927/sources/s-a4c58e42/7908B6B8
 create mode 100644 .Rproj.user/37A64927/sources/s-a4c58e42/7908B6B8-contents
 create mode 100644 .Rproj.user/37A64927/sources/s-a4c58e42/7D57E620
 create mode 100644 .Rproj.user/37A64927/sources/s-a4c58e42/7D57E620-contents
 create mode 100644 .Rproj.user/37A64927/sources/s-a4c58e42/8C1D2285
 create mode 100644 .Rproj.user/37A64927/sources/s-a4c58e42/8C1D2285-contents
 create mode 100644 .Rproj.user/37A64927/sources/s-a4c58e42/90F22DA0-contents
 create mode 100644 .Rproj.user/37A64927/sources/s-a4c58e42/A13BD865-contents
 create mode 100644 .Rproj.user/37A64927/sources/s-a4c58e42/CDFB3319
 create mode 100644 .Rproj.user/37A64927/sources/s-a4c58e42/CDFB3319-contents
 create mode 100644 .Rproj.user/37A64927/sources/s-a4c58e42/lock_file
 create mode 100644 .Rproj.user/shared/notebooks/BE400C12-project1/1/s/c7to5sj35f3u2/000002.csv
 create mode 100644 .Rproj.user/shared/notebooks/BE400C12-project1/1/s/c9236zsj0vu2b/000002.csv
 create mode 100644 .Rproj.user/shared/notebooks/BE400C12-project1/1/s/c9236zsj0vu2b/000003.metadata
 create mode 100644 .Rproj.user/shared/notebooks/BE400C12-project1/1/s/c9236zsj0vu2b/000003.png
 create mode 100644 .Rproj.user/shared/notebooks/BE400C12-project1/1/s/c9236zsj0vu2b/000003.snapshot
 create mode 100644 .Rproj.user/shared/notebooks/BE400C12-project1/1/s/cfn5i3zt7pdhp/000002.csv
 create mode 100644 .Rproj.user/shared/notebooks/BE400C12-project1/1/s/cfn5i3zt7pdhp/000003.metadata
 create mode 100644 .Rproj.user/shared/notebooks/BE400C12-project1/1/s/cfn5i3zt7pdhp/000003.rdf
 create mode 100644 .Rproj.user/shared/notebooks/BE400C12-project1/1/s/chunks.json
 create mode 100644 .Rproj.user/shared/notebooks/BE400C12-project1/1/s/cmqiih27eho5z/000002.csv
 create mode 100644 .Rproj.user/shared/notebooks/BE400C12-project1/1/s/cmqiih27eho5z/000003.metadata
 create mode 100644 .Rproj.user/shared/notebooks/BE400C12-project1/1/s/cmqiih27eho5z/000003.rdf
 create mode 100644 .Rproj.user/shared/notebooks/BE400C12-project1/1/s/coc9div0xfxv0/000002.csv
 create mode 100644 .Rproj.user/shared/notebooks/BE400C12-project1/1/s/cpm3g0rm4i28t/000002.csv
 create mode 100644 .Rproj.user/shared/notebooks/BE400C12-project1/1/s/cpm3g0rm4i28t/000003.metadata
 create mode 100644 .Rproj.user/shared/notebooks/BE400C12-project1/1/s/cpm3g0rm4i28t/000003.rdf
 create mode 100644 .Rproj.user/shared/notebooks/BE400C12-project1/1/s/cpm3g0rm4i28t/000004.csv
 create mode 100644 .Rproj.user/shared/notebooks/BE400C12-project1/1/s/cpm3g0rm4i28t/000005.metadata
 create mode 100644 .Rproj.user/shared/notebooks/BE400C12-project1/1/s/cpm3g0rm4i28t/000005.rdf
 create mode 100644 .Rproj.user/shared/notebooks/BE400C12-project1/1/s/csclg97kia5ft/000002.csv
 create mode 100644 .Rproj.user/shared/notebooks/BE400C12-project1/1/s/csetup_chunk/000002.csv
 create mode 100644 .Rproj.user/shared/notebooks/BE400C12-project1/1/s/csfjkoahj8mif/00000a.csv
 create mode 100644 .Rproj.user/shared/notebooks/BE400C12-project1/1/s/csfjkoahj8mif/00000b.metadata
 create mode 100644 .Rproj.user/shared/notebooks/BE400C12-project1/1/s/csfjkoahj8mif/00000b.rdf
 create mode 100644 .Rproj.user/shared/notebooks/BE400C12-project1/1/s/csfjkoahj8mif/00000c.csv
 create mode 100644 .Rproj.user/shared/notebooks/BE400C12-project1/1/s/csfjkoahj8mif/00000d.metadata
 create mode 100644 .Rproj.user/shared/notebooks/BE400C12-project1/1/s/csfjkoahj8mif/00000d.rdf
 create mode 100644 .Rproj.user/shared/notebooks/BE400C12-project1/1/s/csfjkoahj8mif/00000e.csv
 create mode 100644 .Rproj.user/shared/notebooks/BE400C12-project1/1/s/csfjkoahj8mif/00000f.metadata
 create mode 100644 .Rproj.user/shared/notebooks/BE400C12-project1/1/s/csfjkoahj8mif/00000f.rdf
 create mode 100644 .Rproj.user/shared/notebooks/BE400C12-project1/1/s/csfjkoahj8mif/000010.csv
 create mode 100644 .Rproj.user/shared/notebooks/BE400C12-project1/1/s/csfjkoahj8mif/000011.metadata
 create mode 100644 .Rproj.user/shared/notebooks/BE400C12-project1/1/s/csfjkoahj8mif/000011.rdf
 create mode 100644 .Rproj.user/shared/notebooks/BE400C12-project1/1/s/cx3yncn0ylli3/000002.csv
 create mode 100644 .Rproj.user/shared/notebooks/BE400C12-project1/1/s/cx3yncn0ylli3/000003.metadata
 create mode 100644 .Rproj.user/shared/notebooks/BE400C12-project1/1/s/cx3yncn0ylli3/000003.png
 create mode 100644 .Rproj.user/shared/notebooks/BE400C12-project1/1/s/cx3yncn0ylli3/000003.snapshot
 create mode 100644 .Rproj.user/shared/notebooks/BE400C12-project1/1/s/cyv5all8e4h2g/000002.csv
 create mode 100644 .Rproj.user/shared/notebooks/BE400C12-project1/1/s/cyv5all8e4h2g/000003.metadata
 create mode 100644 .Rproj.user/shared/notebooks/BE400C12-project1/1/s/cyv5all8e4h2g/000003.png
 create mode 100644 .Rproj.user/shared/notebooks/BE400C12-project1/1/s/cyv5all8e4h2g/000003.snapshot
 create mode 100644 .Rproj.user/shared/notebooks/BE400C12-project1/1/s/cyv5all8e4h2g/000004.csv
 create mode 100644 .Rproj.user/shared/notebooks/BE400C12-project1/1/s/cyv5all8e4h2g/000005.metadata
 create mode 100644 .Rproj.user/shared/notebooks/BE400C12-project1/1/s/cyv5all8e4h2g/000005.png
 create mode 100644 .Rproj.user/shared/notebooks/BE400C12-project1/1/s/cyv5all8e4h2g/000005.snapshot
 create mode 100644 .Rproj.user/shared/notebooks/BE400C12-project1/1/s/cyv5all8e4h2g/000006.csv
 create mode 100644 .Rproj.user/shared/notebooks/BE400C12-project1/1/s/cz1lym7q0qwm8/000002.csv
 create mode 100644 .Rproj.user/shared/notebooks/BE400C12-project1/1/s/cz1lym7q0qwm8/000003.metadata
 create mode 100644 .Rproj.user/shared/notebooks/BE400C12-project1/1/s/cz1lym7q0qwm8/000003.png
 create mode 100644 .Rproj.user/shared/notebooks/BE400C12-project1/1/s/cz1lym7q0qwm8/000003.snapshot
 create mode 100644 .Rproj.user/shared/notebooks/patch-chunk-names
 create mode 100644 .Rproj.user/shared/notebooks/paths
 create mode 100644 Website.Rproj
 create mode 100644 config.toml
 create mode 100644 content/NBAadvancedstats.csv
 create mode 100644 content/NBAstats.csv
 create mode 100644 content/blog/2015-07-23-r-rmarkdown.Rmd
 create mode 100644 content/blog/2015-07-23-r-rmarkdown.html
 create mode 100644 content/blog/creating-a-new-theme.md
 create mode 100644 content/blog/goisforlovers.md
 create mode 100644 content/blog/hugoisforlovers.md
 create mode 100644 content/blog/migrate-from-jekyll.md
 create mode 100644 content/project1.Rmd
 create mode 100644 content/project1.html
 create mode 100644 content/project2.Rmd
 create mode 100644 content/project2.html
 create mode 100644 content/projects.md
 create mode 100644 index.Rmd
 create mode 100644 public/404.html
 create mode 100644 public/NBAadvancedstats.csv
 create mode 100644 public/NBAstats.csv
 create mode 100644 public/Resume.doc
 create mode 100644 public/Resume.pdf
 create mode 100644 public/blog/2015-07-23-r-rmarkdown.Rmd
 create mode 100644 public/blog/2015-07-23-r-rmarkdown/index.html
 create mode 100644 public/blog/2015-07-23-r-rmarkdown_files/figure-html/pie-1.png
 create mode 100644 public/blog/creating-a-new-theme/index.html
 create mode 100644 public/blog/goisforlovers/index.html
 create mode 100644 public/blog/hugoisforlovers/index.html
 create mode 100644 public/blog/index.html
 create mode 100644 public/blog/index.xml
 create mode 100644 public/blog/migrate-from-jekyll/index.html
 create mode 100644 public/categories/development/index.html
 create mode 100644 public/categories/development/index.xml
 create mode 100644 public/categories/golang/index.html
 create mode 100644 public/categories/golang/index.xml
 create mode 100644 public/categories/index.html
 create mode 100644 public/categories/index.xml
 create mode 100644 public/categories/projects/index.html
 create mode 100644 public/categories/projects/index.xml
 create mode 100644 public/categories/r/index.html
 create mode 100644 public/categories/r/index.xml
 create mode 100644 public/css/main.css
 create mode 100644 public/img/image.png
 create mode 100644 public/img/image3.png
 create mode 100644 public/img/profile.png
 create mode 100644 public/img/yourimage.JPG
 create mode 100644 public/index.html
 create mode 100644 public/index.xml
 create mode 100644 public/js/docs.min.js
 create mode 100644 public/js/ie10-viewport-bug-workaround.js
 create mode 100644 public/js/main.js
 create mode 100644 public/project1.Rmd
 create mode 100644 public/project1/index.html
 create mode 100644 public/project1_files/figure-html/unnamed-chunk-10-1.png
 create mode 100644 public/project1_files/figure-html/unnamed-chunk-11-1.png
 create mode 100644 public/project1_files/figure-html/unnamed-chunk-12-1.png
 create mode 100644 public/project1_files/figure-html/unnamed-chunk-12-2.png
 create mode 100644 public/project1_files/figure-html/unnamed-chunk-9-1.png
 create mode 100644 public/project2.Rmd
 create mode 100644 public/project2/index.html
 create mode 100644 public/project2_files/figure-html/unnamed-chunk-15-1.png
 create mode 100644 public/project2_files/figure-html/unnamed-chunk-16-1.png
 create mode 100644 public/project2_files/figure-html/unnamed-chunk-5-1.png
 create mode 100644 public/project2_files/figure-html/unnamed-chunk-7-1.png
 create mode 100644 public/project2_files/figure-html/unnamed-chunk-8-1.png
 create mode 100644 public/project2_files/figure-html/unnamed-chunk-9-1.png
 create mode 100644 public/projects/index.html
 create mode 100644 public/sitemap.xml
 create mode 100644 public/tags/development/index.html
 create mode 100644 public/tags/development/index.xml
 create mode 100644 public/tags/go/index.html
 create mode 100644 public/tags/go/index.xml
 create mode 100644 public/tags/golang/index.html
 create mode 100644 public/tags/golang/index.xml
 create mode 100644 public/tags/hugo/index.html
 create mode 100644 public/tags/hugo/index.xml
 create mode 100644 public/tags/index.html
 create mode 100644 public/tags/index.xml
 create mode 100644 public/tags/plot/index.html
 create mode 100644 public/tags/plot/index.xml
 create mode 100644 public/tags/projects/index.html
 create mode 100644 public/tags/projects/index.xml
 create mode 100644 public/tags/r-markdown/index.html
 create mode 100644 public/tags/r-markdown/index.xml
 create mode 100644 public/tags/regression/index.html
 create mode 100644 public/tags/regression/index.xml
 create mode 100644 public/tags/templates/index.html
 create mode 100644 public/tags/templates/index.xml
 create mode 100644 public/tags/themes/index.html
 create mode 100644 public/tags/themes/index.xml
 create mode 100644 static/Resume.doc
 create mode 100644 static/Resume.pdf
 create mode 100644 static/blog/2015-07-23-r-rmarkdown_files/figure-html/pie-1.png
 create mode 100644 static/img/image.png
 create mode 100644 static/img/image3.png
 create mode 100644 static/img/profile.png
 create mode 100644 static/img/yourimage.JPG
 create mode 100644 static/project1_files/figure-html/unnamed-chunk-10-1.png
 create mode 100644 static/project1_files/figure-html/unnamed-chunk-11-1.png
 create mode 100644 static/project1_files/figure-html/unnamed-chunk-12-1.png
 create mode 100644 static/project1_files/figure-html/unnamed-chunk-12-2.png
 create mode 100644 static/project1_files/figure-html/unnamed-chunk-9-1.png
 create mode 100644 static/project2_files/figure-html/unnamed-chunk-15-1.png
 create mode 100644 static/project2_files/figure-html/unnamed-chunk-16-1.png
 create mode 100644 static/project2_files/figure-html/unnamed-chunk-5-1.png
 create mode 100644 static/project2_files/figure-html/unnamed-chunk-7-1.png
 create mode 100644 static/project2_files/figure-html/unnamed-chunk-8-1.png
 create mode 100644 static/project2_files/figure-html/unnamed-chunk-9-1.png
 create mode 100644 themes/hugo-sustain/LICENSE.md
 create mode 100644 themes/hugo-sustain/README.md
 create mode 100644 themes/hugo-sustain/archetypes/default.md
 create mode 100644 themes/hugo-sustain/exampleSite/config.toml
 create mode 100644 themes/hugo-sustain/exampleSite/content/blog/creating-a-new-theme.md
 create mode 100644 themes/hugo-sustain/exampleSite/content/blog/goisforlovers.md
 create mode 100644 themes/hugo-sustain/exampleSite/content/blog/hugoisforlovers.md
 create mode 100644 themes/hugo-sustain/exampleSite/content/blog/migrate-from-jekyll.md
 create mode 100644 themes/hugo-sustain/exampleSite/content/projects.md
 create mode 100644 themes/hugo-sustain/exampleSite/data/projects.yml
 create mode 100644 themes/hugo-sustain/exampleSite/static/img/profile.png
 create mode 100644 themes/hugo-sustain/images/screenshot.png
 create mode 100644 themes/hugo-sustain/images/tn.png
 create mode 100644 themes/hugo-sustain/layouts/404.html
 create mode 100644 themes/hugo-sustain/layouts/_default/list.html
 create mode 100644 themes/hugo-sustain/layouts/_default/projects.html
 create mode 100644 themes/hugo-sustain/layouts/_default/single.html
 create mode 100644 themes/hugo-sustain/layouts/index.html
 create mode 100644 themes/hugo-sustain/layouts/partials/disqus.html
 create mode 100644 themes/hugo-sustain/layouts/partials/footer.html
 create mode 100644 themes/hugo-sustain/layouts/partials/head.html
 create mode 100644 themes/hugo-sustain/layouts/partials/header.html
 create mode 100644 themes/hugo-sustain/layouts/partials/js.html
 create mode 100644 themes/hugo-sustain/layouts/partials/social.html
 create mode 100644 themes/hugo-sustain/static/css/main.css
 create mode 100644 themes/hugo-sustain/static/js/docs.min.js
 create mode 100644 themes/hugo-sustain/static/js/ie10-viewport-bug-workaround.js
 create mode 100644 themes/hugo-sustain/static/js/main.js
 create mode 100644 themes/hugo-sustain/theme.toml
]0;/stor/home/ts34686/Website]0;ts34686@educcomp03: ~/Website[01;32mts34686@educcomp03[00m:[01;34m~/Website[00m$ git remote add origin https://github.com/USERNAME/WEBSITE_REPPOSITORY.git #re
]0;/stor/home/ts34686/Website]0;ts34686@educcomp03: ~/Website[01;32mts34686@educcomp03[00m:[01;34m~/Website[00m$ git push origin master
Username for 'https://github.com': tansmith57
Password for 'https://tansmith57@github.com': 
remote: Invalid username or password.
fatal: Authentication failed for 'https://github.com/USERNAME/WEBSITE_REPOSITORY.git/'
]0;/stor/home/ts34686/Website]0;ts34686@educcomp03: ~/Website[01;32mts34686@educcomp03[00m:[01;34m~/Website[00m$ cd ~/Desktop/PROJECT_DIRECTORY_NAME #if you haven't already
bash: cd: /stor/home/ts34686/Desktop/PROJECT_DIRECTORY_NAME: No such file or directory
]0;/stor/home/ts34686/Website]0;ts34686@educcomp03: ~/Website[01;32mts34686@educcomp03[00m:[01;34m~/Website[00m$ 
]0;/stor/home/ts34686/Website]0;ts34686@educcomp03: ~/Website[01;32mts34686@educcomp03[00m:[01;34m~/Website[00m$ git init #initialize local git respository
Reinitialized existing Git repository in /stor/home/ts34686/Website/.git/
]0;/stor/home/ts34686/Website]0;ts34686@educcomp03: ~/Website[01;32mts34686@educcomp03[00m:[01;34m~/Website[00m$ git add . #add all files in repository to be uploaded
]0;/stor/home/ts34686/Website]0;ts34686@educcomp03: ~/Website[01;32mts34686@educcomp03[00m:[01;34m~/Website[00m$ git commit -m "first website commit"
[master ff183e1] first website commit
 Committer: Tanner Smith <ts34686@educcomp03.ccbb.utexas.edu>
Your name and email address were configured automatically based
on your username and hostname. Please check that they are accurate.
You can suppress this message by setting them explicitly. Run the
following command and follow the instructions in your editor to edit
your configuration file:

    git config --global --edit

After doing this, you may fix the identity used for this commit with:

    git commit --amend --reset-author

 1 file changed, 245 insertions(+)
]0;/stor/home/ts34686/Website]0;ts34686@educcomp03: ~/Website[01;32mts34686@educcomp03[00m:[01;34m~/Website[00m$ git remote add origin https://github.com/USERNAME/WEBSITE_REPPOSITORY.git #re
fatal: remote origin already exists.
]0;/stor/home/ts34686/Website]0;ts34686@educcomp03: ~/Website[01;32mts34686@educcomp03[00m:[01;34m~/Website[00m$ git push origin master
Username for 'https://github.com': tansmith57
Password for 'https://tansmith57@github.com': 
remote: Repository not found.
fatal: repository 'https://github.com/USERNAME/WEBSITE_REPOSITORY.git/' not found
]0;/stor/home/ts34686/Website]0;ts34686@educcomp03: ~/Website[01;32mts34686@educcomp03[00m:[01;34m~/Website[00m$ cd ~/Desktop/PROJECT_DIRECTORY_NAME #if you haven't already
bash: cd: /stor/home/ts34686/Desktop/PROJECT_DIRECTORY_NAME: No such file or directory
]0;/stor/home/ts34686/Website]0;ts34686@educcomp03: ~/Website[01;32mts34686@educcomp03[00m:[01;34m~/Website[00m$ git init #initialize local git respository
Reinitialized existing Git repository in /stor/home/ts34686/Website/.git/
]0;/stor/home/ts34686/Website]0;ts34686@educcomp03: ~/Website[01;32mts34686@educcomp03[00m:[01;34m~/Website[00m$ git add . #add all files in repository to be uploaded
]0;/stor/home/ts34686/Website]0;ts34686@educcomp03: ~/Website[01;32mts34686@educcomp03[00m:[01;34m~/Website[00m$ git init #initialize local git respository
Reinitialized existing Git repository in /stor/home/ts34686/Website/.git/
]0;/stor/home/ts34686/Website]0;ts34686@educcomp03: ~/Website[01;32mts34686@educcomp03[00m:[01;34m~/Website[00m$ git add . #add all files in repository to be uploaded